// Jest Snapshot v1, https://goo.gl/fbAQLP

exports[`<HomePage /> should render and match the snapshot 1`] = `
<div
  class="Container-qde4bf-0 epZNrJ"
>
  <form
    action="#"
    class="FlexForm-cg9r68-0 flFvQs"
  >
    <div
      class="Group-sc-1vik69l-0 ctNMdl"
    >
      <label
        for="starting_location"
      >
        Starting Location
      </label>
      <div
        class="Flex-xmmkmm-0 hFfyTW"
      >
        <input
          class="StyledField-sc-1n7zr2c-0 lbCNeO"
          name="starting_location"
          value="Innocentre, Hong Kong"
        />
        <button
          class="BorderlessButton-mtskuf-0 hmAuih"
          type="button"
        >
          ✖
        </button>
      </div>
      <div
        class="Error-sc-9u9b4x-0 fQxSSf"
      />
    </div>
    <div
      class="Group-sc-1vik69l-0 ctNMdl"
    >
      <label
        for="drop_off_point"
      >
        Drop Off Point
      </label>
      <div
        class="Flex-xmmkmm-0 hFfyTW"
      >
        <input
          class="StyledField-sc-1n7zr2c-0 lbCNeO"
          name="drop_off_point"
          value="Hong Kong International Airport Terminal 1"
        />
        <button
          class="BorderlessButton-mtskuf-0 hmAuih"
          type="button"
        >
          ✖
        </button>
      </div>
      <div
        class="Error-sc-9u9b4x-0 fQxSSf"
      />
    </div>
    <div
      class="Group-sc-1vik69l-0 ctNMdl"
    />
    <div
      class="Group-sc-1vik69l-0 ctNMdl"
    >
      <label>
        total distance: 
        1000
      </label>
      <label>
        total time: 
        100
      </label>
    </div>
    <div
      class="ButtonGroup-iixpzk-0 kTSnxu"
    >
      <button
        class="Button-sc-3xkvhg-0 iAySYH"
        type="submit"
      >
        Re-Submit
      </button>
      <button
        class="Button-sc-3xkvhg-0 iAySYH"
        type="reset"
      >
        Reset
      </button>
    </div>
  </form>
  <div
    style="height: 100%;"
  />
</div>
`;
